// Jest Snapshot v1, https://goo.gl/fbAQLP

exports[`Header renders correctly 1`] = `
<h1
  style={
    Object {
      "marginBottom": 64,
      "marginTop": 0,
      "maxWidth": 320,
    }
  }
>
  Congratulations
  <br />
  <span
    style={
      Object {
        "color": "#663399",
      }
    }
  >
    — you just made a Gatsby site! 
  </span>
  <span
    aria-label="Party popper emojis"
    role="img"
  >
    🎉🎉🎉
  </span>
</h1>
`;
